🔧 Activating renv environment...
ℹ️  Run renv::restore() to set up the project environment.
📁 Loading project configuration...

 = = = = = = = = = = = = = = = = = = = = = = = = = = = = = = = = = = = = = = = = = = = = = = = = = = = = = = = = = = = = = = = = = = = = = = 
INITIALIZING NON-COGNITIVE SKILLS PROJECT ENVIRONMENT
Configuration file: project_config.R
Loading time: 2025-10-19 00:58:52 
= = = = = = = = = = = = = = = = = = = = = = = = = = = = = = = = = = = = = = = = = = = = = = = = = = = = = = = = = = = = = = = = = = = = = = 

🔧 SECTION 1: SYSTEM INFORMATION
Gathering system information for logging...
   • System: Darwin 
   • User: karavan88 
   • R version: R version 4.4.1 (2024-06-14) 

🏠 SECTION 2: AUTOMATIC PROJECT ROOT DETECTION
Automatically detecting project root directory...
   ✅ Project root auto-detected: /Users/karavan88/Documents/GitHub/NonCognSkillsRLMS 
   📂 Detected by presence of: renv.lock, project_config.R, .Rprofile

📁 SECTION 3: DIRECTORY STRUCTURE VALIDATION
Validating project root directory exists...
   ✅ Project root directory validated

🗂️  SECTION 4: CORE DIRECTORY STRUCTURE SETUP
Establishing standardized directory paths...
   • Input data directory: 01_input_data 
   • Processed data directory: 01_input_data/processed 
   • R codes directory: 02_data_prep 

🔬 SECTION 5: RESEARCH DOMAIN DIRECTORIES
Setting up domain-specific analysis folders...
   📊 Employment & NCS Analysis:
      • Main folder: 03_EmplNCS 
      • Codes: 03_EmplNCS/01_codes 
      • Outputs: 03_EmplNCS/02_output 
      • Manuscripts: 03_EmplNCS/03_manuscript 
   💰 Returns to NCS Analysis:
      • Main folder: 04_ReturnsNCS 
      • Codes: 04_ReturnsNCS/01_codes 
      • Outputs: 04_ReturnsNCS/02_output 
      • Manuscripts: 04_ReturnsNCS/03_manuscript 
   😊 Job Satisfaction & NCS Analysis:
      • Main folder: 05_JobSatisfNCS 
      • Codes: 05_JobSatisfNCS/01_codes 
      • Outputs: 05_JobSatisfNCS/02_output 
      • Manuscripts: 05_JobSatisfNCS/03_manuscript 

✅ SECTION 6: DIRECTORY VALIDATION
Validating core project structure...
   ✅ Project Root 
   ✅ Input Data 
   ✅ Processed Data 
   ✅ R Codes 

   Research Domain Folders:
   ✅ Employment Analysis 
   ✅ Returns Analysis 
   ✅ Job Satisfaction Analysis 

 = = = = = = = = = = = = = = = = = = = = = = = = = = = = = = = = = = = = = = = = = = = = = = = = = = = = = = = = = = = = = = = = = = = = = = 
🎉 PROJECT ENVIRONMENT SUCCESSFULLY CONFIGURED!
= = = = = = = = = = = = = = = = = = = = = = = = = = = = = = = = = = = = = = = = = = = = = = = = = = = = = = = = = = = = = = = = = = = = = = 
📂 DIRECTORY STRUCTURE:
   • Core directories: ✅ Validated
   • Employment analysis: ✅ Validated
   • Returns analysis: ✅ Validated
   • Job satisfaction analysis: ✅ Validated

🔧 ENVIRONMENT VARIABLES SET:
   • projectFolder, inputData, processedData, rCodes
   • emplNcs, codesEmplNcs, outputsEmplNcs, manuscriptsEmplNcs
   • returnsNcs, codesReturnsNcs, outputsReturnsNcs, manuscriptsReturnsNcs
   • jobSatisfNcs, codesJobSatisfNcs, outputsJobSatisfNcs, manuscriptsJobSatisfNcs

📦 SECTION 7: PACKAGE LOADING
Loading all required packages for analysis...

   📚 Core Data Science 
      ✅ tidyverse 
      ✅ dplyr 
      ✅ ggplot2 
      ✅ readr 
      ✅ tidyr 
      ✅ purrr 
      ✅ tibble 
      ✅ stringr 
      ✅ forcats 
      ✅ lubridate 
   📚 Statistical Analysis 
      ✅ lme4 
      ✅ lmerTest 
      ✅ lmtest 
      ✅ plm 
      ✅ lqmm 
      ✅ mgcv 
      ✅ broom 
      ✅ broom.mixed 
   📚 Effects & Visualization 
      ✅ ggeffects 
      ✅ gridExtra 
      ✅ sjPlot 
      ✅ ggcorrplot 
      ✅ ggstats 
   📚 Data Import/Export 
      ✅ haven 
      ✅ readxl 
      ❌ here 
   📚 Tables & Output 
      ✅ gtsummary 
      ✅ modelsummary 
      ✅ tinytable 
      ✅ kableExtra 
      ✅ gt 
   📚 Statistical Packages 
      ✅ easystats 
      ✅ bayestestR 
      ✅ performance 
      ✅ parameters 
      ✅ effectsize 
      ✅ correlation 
      ✅ insight 
   📚 Utilities 
      ✅ glue 
      ✅ igraph 
      ✅ WeightIt 
      ❌ surveytoolbox 
      ✅ showtext 

📊 PACKAGE LOADING SUMMARY:
   ✅ Successfully loaded: 41 out of 43 packages
   ❌ Failed to load: 2 packages
   📝 Missing packages: here, surveytoolbox 

� TO FIX MISSING PACKAGES:
   1. Run: renv::restore()
   2. If issues persist: renv::install(c( "here", "surveytoolbox" ))
   3. Then run: renv::snapshot()

= = = = = = = = = = = = = = = = = = = = = = = = = = = = = = = = = = = = = = = = = = = = = = = = = = = = = = = = = = = = = = = = = = = = = = 
⚠️  ENVIRONMENT PARTIALLY READY
🔧 Please install missing packages before running analysis.
✅ Setup completed: 2025-10-19 00:58:54 
= = = = = = = = = = = = = = = = = = = = = = = = = = = = = = = = = = = = = = = = = = = = = = = = = = = = = = = = = = = = = = = = = = = = = = 


🎯 Non-Cognitive Skills Project Environment Ready!
� All packages loaded automatically - ready for analysis!

Warning in file(filename, "r", encoding = encoding) :
  cannot open file '01_data_prep_empl.R': No such file or directory
Error in file(filename, "r", encoding = encoding) : 
  cannot open the connection
Calls: source -> file
Execution halted
